{"textDocument": {"uri": "file://533.lean"},
 "position": {"line": 2, "character": 10}}
{"items":
 [{"textEdit": null,
   "label": "False",
   "kind": 22,
   "documentation": null,
   "detail": "Prop"},
  {"textEdit": null,
   "label": "Fin",
   "kind": 22,
   "documentation": null,
   "detail": "Nat → Type"},
  {"textEdit": null,
   "label": "Float",
   "kind": 22,
   "documentation": null,
   "detail": "Type"},
  {"textEdit": null,
   "label": "FloatArray",
   "kind": 22,
   "documentation": null,
   "detail": "Type"},
  {"textEdit": null,
   "label": "FloatSpec",
   "kind": 22,
   "documentation": null,
   "detail": "Type 1"},
  {"textEdit": null,
   "label": "Foo",
   "kind": 6,
   "documentation": null,
   "detail": "Sort ?u"},
  {"textEdit": null,
   "label": "ForIn",
   "kind": 7,
   "documentation": null,
   "detail":
   "(Type u₁ → Type u₂) → Type u → outParam (Type v) → Type (max (max (max u (u₁ + 1)) u₂) v)"},
  {"textEdit": null,
   "label": "ForIn'",
   "kind": 7,
   "documentation": null,
   "detail":
   "(Type u₁ → Type u₂) →\n  (ρ : Type u) → (α : outParam (Type v)) → outParam (Membership α ρ) → Type (max (max (max u (u₁ + 1)) u₂) v)"},
  {"textEdit": null,
   "label": "ForInStep",
   "kind": 22,
   "documentation": null,
   "detail": "Type u → Type u"},
  {"textEdit": null,
   "label": "ForM",
   "kind": 7,
   "documentation": null,
   "detail":
   "(Type u → Type v) → Type w₁ → outParam (Type w₂) → Type (max (max (max (u + 1) v) w₁) w₂)"},
  {"textEdit": null,
   "label": "Function",
   "kind": 9,
   "documentation": null,
   "detail": "namespace"},
  {"textEdit": null,
   "label": "Functor",
   "kind": 7,
   "documentation": null,
   "detail": "(Type u → Type v) → Type (max (u + 1) v)"},
  {"textEdit": null,
   "label": "fix",
   "kind": 3,
   "documentation": null,
   "detail": "[inst : Inhabited β] → ((α → β) → α → β) → α → β"},
  {"textEdit": null,
   "label": "fix1",
   "kind": 3,
   "documentation": null,
   "detail": "[inst : Inhabited β] → ((α → β) → α → β) → α → β"},
  {"textEdit": null,
   "label": "fix2",
   "kind": 3,
   "documentation": null,
   "detail":
   "[inst : Inhabited β] → ((α₁ → α₂ → β) → α₁ → α₂ → β) → α₁ → α₂ → β"},
  {"textEdit": null,
   "label": "fix3",
   "kind": 3,
   "documentation": null,
   "detail":
   "[inst : Inhabited β] → ((α₁ → α₂ → α₃ → β) → α₁ → α₂ → α₃ → β) → α₁ → α₂ → α₃ → β"},
  {"textEdit": null,
   "label": "fix4",
   "kind": 3,
   "documentation": null,
   "detail":
   "[inst : Inhabited β] → ((α₁ → α₂ → α₃ → α₄ → β) → α₁ → α₂ → α₃ → α₄ → β) → α₁ → α₂ → α₃ → α₄ → β"},
  {"textEdit": null,
   "label": "fix5",
   "kind": 3,
   "documentation": null,
   "detail":
   "[inst : Inhabited β] → ((α₁ → α₂ → α₃ → α₄ → α₅ → β) → α₁ → α₂ → α₃ → α₄ → α₅ → β) → α₁ → α₂ → α₃ → α₄ → α₅ → β"},
  {"textEdit": null,
   "label": "fix6",
   "kind": 3,
   "documentation": null,
   "detail":
   "[inst : Inhabited β] →\n  ((α₁ → α₂ → α₃ → α₄ → α₅ → α₆ → β) → α₁ → α₂ → α₃ → α₄ → α₅ → α₆ → β) → α₁ → α₂ → α₃ → α₄ → α₅ → α₆ → β"},
  {"textEdit": null,
   "label": "fixCore",
   "kind": 3,
   "documentation": null,
   "detail": "(α → β) → ((α → β) → α → β) → α → β"},
  {"textEdit": null,
   "label": "fixCore1",
   "kind": 3,
   "documentation": null,
   "detail": "(α → β) → ((α → β) → α → β) → α → β"},
  {"textEdit": null,
   "label": "fixCore2",
   "kind": 3,
   "documentation": null,
   "detail": "(α₁ → α₂ → β) → ((α₁ → α₂ → β) → α₁ → α₂ → β) → α₁ → α₂ → β"},
  {"textEdit": null,
   "label": "fixCore3",
   "kind": 3,
   "documentation": null,
   "detail":
   "(α₁ → α₂ → α₃ → β) → ((α₁ → α₂ → α₃ → β) → α₁ → α₂ → α₃ → β) → α₁ → α₂ → α₃ → β"},
  {"textEdit": null,
   "label": "fixCore4",
   "kind": 3,
   "documentation": null,
   "detail":
   "(α₁ → α₂ → α₃ → α₄ → β) → ((α₁ → α₂ → α₃ → α₄ → β) → α₁ → α₂ → α₃ → α₄ → β) → α₁ → α₂ → α₃ → α₄ → β"},
  {"textEdit": null,
   "label": "fixCore5",
   "kind": 3,
   "documentation": null,
   "detail":
   "(α₁ → α₂ → α₃ → α₄ → α₅ → β) → ((α₁ → α₂ → α₃ → α₄ → α₅ → β) → α₁ → α₂ → α₃ → α₄ → α₅ → β) → α₁ → α₂ → α₃ → α₄ → α₅ → β"},
  {"textEdit": null,
   "label": "fixCore6",
   "kind": 3,
   "documentation": null,
   "detail":
   "(α₁ → α₂ → α₃ → α₄ → α₅ → α₆ → β) →\n  ((α₁ → α₂ → α₃ → α₄ → α₅ → α₆ → β) → α₁ → α₂ → α₃ → α₄ → α₅ → α₆ → β) → α₁ → α₂ → α₃ → α₄ → α₅ → α₆ → β"},
  {"textEdit": null,
   "label": "failure",
   "kind": 5,
   "documentation": null,
   "detail": "[self : Alternative f] → {α : Type u} → f α"},
  {"textEdit": null,
   "label": "false",
   "kind": 4,
   "documentation": null,
   "detail": "Bool"},
  {"textEdit": null,
   "label": "false_and",
   "kind": 3,
   "documentation": null,
   "detail": "∀ (p : Prop), (False ∧ p) = False"},
  {"textEdit": null,
   "label": "false_iff",
   "kind": 3,
   "documentation": null,
   "detail": "∀ (p : Prop), (False ↔ p) = ¬p"},
  {"textEdit": null,
   "label": "false_implies",
   "kind": 3,
   "documentation": null,
   "detail": "∀ (p : Prop), (False → p) = True"},
  {"textEdit": null,
   "label": "false_of_ne",
   "kind": 3,
   "documentation": null,
   "detail": "a ≠ a → False"},
  {"textEdit": null,
   "label": "false_or",
   "kind": 3,
   "documentation": null,
   "detail": "∀ (p : Prop), (False ∨ p) = p"},
  {"textEdit": null,
   "label": "flip",
   "kind": 3,
   "documentation": null,
   "detail": "(α → β → φ) → β → α → φ"},
  {"textEdit": null,
   "label": "floatDecLe",
   "kind": 3,
   "documentation": null,
   "detail": "(a b : Float) → Decidable (a ≤ b)"},
  {"textEdit": null,
   "label": "floatDecLt",
   "kind": 3,
   "documentation": null,
   "detail": "(a b : Float) → Decidable (a < b)"},
  {"textEdit": null,
   "label": "floatSpec",
   "kind": 21,
   "documentation": null,
   "detail": "FloatSpec"},
  {"textEdit": null,
   "label": "forIn",
   "kind": 5,
   "documentation": null,
   "detail":
   "[self : ForIn m ρ α] → {β : Type u₁} → [inst : Monad m] → ρ → β → (α → β → m (ForInStep β)) → m β"},
  {"textEdit": null,
   "label": "forIn'",
   "kind": 5,
   "documentation": null,
   "detail":
   "[self : ForIn' m ρ α d] → {β : Type u₁} → [inst : Monad m] → (x : ρ) → β → ((a : α) → a ∈ x → β → m (ForInStep β)) → m β"},
  {"textEdit": null,
   "label": "forM",
   "kind": 5,
   "documentation": null,
   "detail":
   "[self : ForM m γ α] → [inst : Monad m] → γ → (α → m PUnit) → m PUnit"},
  {"textEdit": null,
   "label": "forall_congr",
   "kind": 3,
   "documentation": null,
   "detail": "(∀ (a : α), p a = q a) → (∀ (a : α), p a) = ∀ (a : α), q a"},
  {"textEdit": null,
   "label": "funext",
   "kind": 3,
   "documentation": null,
   "detail": "(∀ (x : α), f₁ x = f₂ x) → f₁ = f₂"}],
 "isIncomplete": true}
