{"textDocument": {"uri": "file://863.lean"},
 "position": {"line": 3, "character": 12}}
{"items":
 [{"textEdit": null,
   "label": "getRecAppSyntax?",
   "kind": 3,
   "documentation":
   {"value":
    "Retrieve (if available) the syntax object attached to a recursive application.\n",
    "kind": "markdown"},
   "detail": "Expr → Option Syntax"},
  {"textEdit": null,
   "label": "getReducibilityStatus",
   "kind": 3,
   "documentation": null,
   "detail":
   "[inst : Monad m] → [inst : MonadEnv m] → Name → m ReducibilityStatus"},
  {"textEdit": null,
   "label": "getReducibilityStatusImp",
   "kind": 3,
   "documentation": null,
   "detail": "Environment → Name → ReducibilityStatus"},
  {"textEdit": null,
   "label": "getRef",
   "kind": 5,
   "documentation": null,
   "detail": "[self : MonadRef m] → m Syntax"},
  {"textEdit": null,
   "label": "getRegularInitFnNameFor?",
   "kind": 3,
   "documentation": null,
   "detail": "Environment → Name → Option Name"},
  {"textEdit": null,
   "label": "getRevAliases",
   "kind": 3,
   "documentation": null,
   "detail": "Environment → Name → List Name"},
  {"textEdit": null,
   "label": "getConstInfoRec",
   "kind": 3,
   "documentation": null,
   "detail":
   "[inst : Monad m] → [inst : MonadEnv m] → [inst : MonadError m] → Name → m RecursorVal"}],
 "isIncomplete": true}
{"textDocument": {"uri": "file://863.lean"},
 "position": {"line": 7, "character": 12}}
{"items":
 [{"textEdit": null,
   "label": "getRecAppSyntax?",
   "kind": 3,
   "documentation":
   {"value":
    "Retrieve (if available) the syntax object attached to a recursive application.\n",
    "kind": "markdown"},
   "detail": "Expr → Option Syntax"},
  {"textEdit": null,
   "label": "getReducibilityStatus",
   "kind": 3,
   "documentation": null,
   "detail":
   "[inst : Monad m] → [inst : MonadEnv m] → Name → m ReducibilityStatus"},
  {"textEdit": null,
   "label": "getReducibilityStatusImp",
   "kind": 3,
   "documentation": null,
   "detail": "Environment → Name → ReducibilityStatus"},
  {"textEdit": null,
   "label": "getRef",
   "kind": 5,
   "documentation": null,
   "detail": "[self : MonadRef m] → m Syntax"},
  {"textEdit": null,
   "label": "getRegularInitFnNameFor?",
   "kind": 3,
   "documentation": null,
   "detail": "Environment → Name → Option Name"},
  {"textEdit": null,
   "label": "getRevAliases",
   "kind": 3,
   "documentation": null,
   "detail": "Environment → Name → List Name"},
  {"textEdit": null,
   "label": "getConstInfoRec",
   "kind": 3,
   "documentation": null,
   "detail":
   "[inst : Monad m] → [inst : MonadEnv m] → [inst : MonadError m] → Name → m RecursorVal"}],
 "isIncomplete": true}
