{"textDocument": {"uri": "file://completionPrv.lean"},
 "position": {"line": 2, "character": 11}}
{"items":
 [{"textEdit": null,
   "label": "blaBlaBoo",
   "kind": 21,
   "documentation": null,
   "detail": "Nat"}],
 "isIncomplete": true}
{"textDocument": {"uri": "file://completionPrv.lean"},
 "position": {"line": 9, "character": 11}}
{"items":
 [{"textEdit": null,
   "label": "booBoo",
   "kind": 21,
   "documentation": null,
   "detail": "Nat"},
  {"textEdit": null,
   "label": "instToBoolBool",
   "kind": 21,
   "documentation": null,
   "detail": "ToBool Bool"},
  {"textEdit": null,
   "label": "instLawfulBEqBoolInstBEqInstDecidableEqBool",
   "kind": 21,
   "documentation": null,
   "detail": "LawfulBEq Bool"}],
 "isIncomplete": true}
{"textDocument": {"uri": "file://completionPrv.lean"},
 "position": {"line": 21, "character": 5}}
{"items":
 [{"textEdit": null,
   "label": "field1",
   "kind": 5,
   "documentation": null,
   "detail": "S → Nat"},
  {"textEdit": null,
   "label": "getInc",
   "kind": 3,
   "documentation": null,
   "detail": "S → Nat"}],
 "isIncomplete": true}
{"textDocument": {"uri": "file://completionPrv.lean"},
 "position": {"line": 25, "character": 4}}
{"items":
 [{"textEdit": null,
   "label": "field1",
   "kind": 5,
   "documentation": null,
   "detail": "S → Nat"},
  {"textEdit": null,
   "label": "getInc",
   "kind": 3,
   "documentation": null,
   "detail": "S → Nat"}],
 "isIncomplete": true}
