{"textDocument": {"uri": "file://completion2.lean"},
 "position": {"line": 19, "character": 10}}
{"items":
 [{"textEdit": null,
   "label": "ex2",
   "kind": 3,
   "documentation": null,
   "detail": "a ≤ b → a + 2 ≤ b + 2"},
  {"textEdit": null,
   "label": "ex3",
   "kind": 3,
   "documentation": null,
   "detail": "a ≤ b → c ≤ d → a + c ≤ b + d"},
  {"textEdit": null,
   "label": "ax1",
   "kind": 3,
   "documentation": null,
   "detail": "a ≤ b → a - a ≤ b - b"},
  {"textEdit": null,
   "label": "ex1",
   "kind": 3,
   "documentation": null,
   "detail": "a ≤ b → a + a ≤ b + b"}],
 "isIncomplete": true}
{"textDocument": {"uri": "file://completion2.lean"},
 "position": {"line": 25, "character": 6}}
{"items":
 [{"textEdit": null,
   "label": "ex2",
   "kind": 3,
   "documentation": null,
   "detail": "a ≤ b → a + 2 ≤ b + 2"},
  {"textEdit": null,
   "label": "ex3",
   "kind": 3,
   "documentation": null,
   "detail": "a ≤ b → c ≤ d → a + c ≤ b + d"},
  {"textEdit": null,
   "label": "ax1",
   "kind": 3,
   "documentation": null,
   "detail": "a ≤ b → a - a ≤ b - b"},
  {"textEdit": null,
   "label": "ex1",
   "kind": 3,
   "documentation": null,
   "detail": "a ≤ b → a + a ≤ b + b"}],
 "isIncomplete": true}
{"textDocument": {"uri": "file://completion2.lean"},
 "position": {"line": 30, "character": 21}}
{"items":
 [{"textEdit": null,
   "label": "ex2",
   "kind": 3,
   "documentation": null,
   "detail": "a ≤ b → a + 2 ≤ b + 2"},
  {"textEdit": null,
   "label": "ex3",
   "kind": 3,
   "documentation": null,
   "detail": "a ≤ b → c ≤ d → a + c ≤ b + d"},
  {"textEdit": null,
   "label": "ax1",
   "kind": 3,
   "documentation": null,
   "detail": "a ≤ b → a - a ≤ b - b"},
  {"textEdit": null,
   "label": "ex1",
   "kind": 3,
   "documentation": null,
   "detail": "a ≤ b → a + a ≤ b + b"}],
 "isIncomplete": true}
{"textDocument": {"uri": "file://completion2.lean"},
 "position": {"line": 37, "character": 22}}
{"items":
 [{"textEdit": null,
   "label": "ex2",
   "kind": 3,
   "documentation": null,
   "detail": "a ≤ b → a + 2 ≤ b + 2"},
  {"textEdit": null,
   "label": "ex3",
   "kind": 3,
   "documentation": null,
   "detail": "a ≤ b → c ≤ d → a + c ≤ b + d"},
  {"textEdit": null,
   "label": "ex1",
   "kind": 3,
   "documentation": null,
   "detail": "a ≤ b → a + a ≤ b + b"}],
 "isIncomplete": true}
