{"textDocument": {"uri": "file://completion6.lean"},
 "position": {"line": 12, "character": 15}}
{"items":
 [{"textEdit": null,
   "label": "b1",
   "kind": 5,
   "documentation": null,
   "detail": "C → String"},
  {"textEdit": null,
   "label": "f1",
   "kind": 5,
   "documentation": null,
   "detail": "C → Nat"},
  {"textEdit": null,
   "label": "f2",
   "kind": 5,
   "documentation": null,
   "detail": "C → Bool"},
  {"textEdit": null,
   "label": "f3",
   "kind": 5,
   "documentation": null,
   "detail": "D → Bool"},
  {"textEdit": null,
   "label": "toC",
   "kind": 5,
   "documentation": null,
   "detail": "D → C"}],
 "isIncomplete": true}
{"textDocument": {"uri": "file://completion6.lean"},
 "position": {"line": 21, "character": 4}}
{"items":
 [{"textEdit": null,
   "label": "b1",
   "kind": 5,
   "documentation": null,
   "detail": "C → String"},
  {"textEdit": null,
   "label": "doubleF1",
   "kind": 3,
   "documentation": null,
   "detail": "E → Nat"},
  {"textEdit": null,
   "label": "f1",
   "kind": 5,
   "documentation": null,
   "detail": "C → Nat"},
  {"textEdit": null,
   "label": "f2",
   "kind": 5,
   "documentation": null,
   "detail": "C → Bool"},
  {"textEdit": null,
   "label": "f3",
   "kind": 5,
   "documentation": null,
   "detail": "D → Bool"},
  {"textEdit": null,
   "label": "toC",
   "kind": 5,
   "documentation": null,
   "detail": "D → C"}],
 "isIncomplete": true}
