{"textDocument": {"uri": "file://compHeader.lean"},
 "position": {"line": 2, "character": 22}}
{"items":
 [{"textEdit": null,
   "label": "veryLongNam",
   "kind": 6,
   "documentation": null,
   "detail": "Sort u_1"},
  {"textEdit": null,
   "label": "veryLongNameForCompletion",
   "kind": 21,
   "documentation": null,
   "detail": "Type"}],
 "isIncomplete": true}
