{"textDocument": {"uri": "file://compNamespace.lean"},
 "position": {"line": 5, "character": 12}}
{"items":
 [{"textEdit": null,
   "label": "LongNamespaceExample",
   "kind": 9,
   "documentation": null,
   "detail": "namespace"}],
 "isIncomplete": true}
{"textDocument": {"uri": "file://compNamespace.lean"},
 "position": {"line": 9, "character": 12}}
{"items":
 [{"textEdit": null,
   "label": "LongNamespaceExample",
   "kind": 9,
   "documentation": null,
   "detail": "namespace"}],
 "isIncomplete": true}
{"textDocument": {"uri": "file://compNamespace.lean"},
 "position": {"line": 13, "character": 11}}
{"items":
 [{"textEdit": null,
   "label": "LongNamespaceExample",
   "kind": 9,
   "documentation": null,
   "detail": "namespace"}],
 "isIncomplete": true}
{"textDocument": {"uri": "file://compNamespace.lean"},
 "position": {"line": 16, "character": 16}}
{"items":
 [{"textEdit": null,
   "label": "Foo.LongNamespaceExample",
   "kind": 9,
   "documentation": null,
   "detail": "namespace"}],
 "isIncomplete": true}
{"textDocument": {"uri": "file://compNamespace.lean"},
 "position": {"line": 20, "character": 12}}
{"items":
 [{"textEdit": null,
   "label": "LongNamespaceExample",
   "kind": 9,
   "documentation": null,
   "detail": "namespace"}],
 "isIncomplete": true}
