{"textDocument": {"uri": "file://completion.lean"},
 "position": {"line": 3, "character": 22}}
{"items":
 [{"textEdit": null,
   "label": "foo",
   "kind": 5,
   "documentation": null,
   "detail": "Foo → Nat"}],
 "isIncomplete": true}
{"textDocument": {"uri": "file://completion.lean"},
 "position": {"line": 5, "character": 23}}
{"items":
 [{"textEdit": null,
   "label": "foo",
   "kind": 5,
   "documentation": null,
   "detail": "Foo → Nat"}],
 "isIncomplete": true}
{"textDocument": {"uri": "file://completion.lean"},
 "position": {"line": 7, "character": 28}}
{"items":
 [{"textEdit": null,
   "label": "foo",
   "kind": 5,
   "documentation": null,
   "detail": "Foo → Nat"}],
 "isIncomplete": true}
{"textDocument": {"uri": "file://completion.lean"},
 "position": {"line": 9, "character": 29}}
{"items":
 [{"textEdit": null,
   "label": "foo",
   "kind": 5,
   "documentation": null,
   "detail": "Foo → Nat"}],
 "isIncomplete": true}
