{"textDocument": {"uri": "file://inWordCompletion.lean"},
 "position": {"line": 5, "character": 10}}
{"items":
 [{"textEdit": null,
   "label": "gfabc",
   "kind": 3,
   "documentation": null,
   "detail": "Nat → Nat"},
  {"textEdit": null,
   "label": "gfacc",
   "kind": 3,
   "documentation": null,
   "detail": "Nat → Nat"},
  {"textEdit": null,
   "label": "gfadc",
   "kind": 3,
   "documentation": null,
   "detail": "Nat → Nat"}],
 "isIncomplete": true}
{"textDocument": {"uri": "file://inWordCompletion.lean"},
 "position": {"line": 13, "character": 14}}
{"items":
 [{"textEdit": null,
   "label": "gfabc",
   "kind": 3,
   "documentation": null,
   "detail": "Nat → Nat"},
  {"textEdit": null,
   "label": "gfacc",
   "kind": 3,
   "documentation": null,
   "detail": "Nat → Nat"},
  {"textEdit": null,
   "label": "gfadc",
   "kind": 3,
   "documentation": null,
   "detail": "Nat → Nat"}],
 "isIncomplete": true}
