{"textDocument": {"uri": "file://keywordCompletion.lean"},
 "position": {"line": 4, "character": 16}}
{"items":
 [{"textEdit": null,
   "label": "register_string",
   "kind": 14,
   "documentation": null,
   "detail": "keyword"},
  {"textEdit": null,
   "label": "termRegister_string_",
   "kind": 21,
   "documentation": null,
   "detail": "Lean.ParserDescr"}],
 "isIncomplete": true}
{"textDocument": {"uri": "file://keywordCompletion.lean"},
 "position": {"line": 7, "character": 10}}
{"items":
 [{"textEdit": null,
   "label": "register_string",
   "kind": 14,
   "documentation": null,
   "detail": "keyword"},
  {"textEdit": null,
   "label": "regular",
   "kind": 21,
   "documentation": null,
   "detail": "Nat"},
  {"textEdit": null,
   "label": "recSubsingleton",
   "kind": 3,
   "documentation": null,
   "detail":
   "∀ [h : Decidable p] {h₁ : p → Sort u} {h₂ : ¬p → Sort u} [h₃ : ∀ (h : p), Subsingleton (h₁ h)]\n  [h₄ : ∀ (h : ¬p), Subsingleton (h₂ h)], Subsingleton (Decidable.casesOn h h₂ h₁)"},
  {"textEdit": null,
   "label": "reprArg",
   "kind": 3,
   "documentation": null,
   "detail": "[inst : Repr α] → α → Std.Format"},
  {"textEdit": null,
   "label": "termRegister_string_",
   "kind": 21,
   "documentation": null,
   "detail": "Lean.ParserDescr"},
  {"textEdit": null,
   "label": "instReprStdGen",
   "kind": 21,
   "documentation": null,
   "detail": "Repr StdGen"}],
 "isIncomplete": true}
