goal: true = true

query:
(assert (not (= true true)))
(check-sat)

result: unsat
