some { range := { pos := { line := 148, column := 41 },
    charUtf16 := 41,
    endPos := { line := 154, column := 70 },
    endCharUtf16 := 70 },
  selectionRange := { pos := { line := 148, column := 45 },
    charUtf16 := 45,
    endPos := { line := 148, column := 57 },
    endCharUtf16 := 57 } }
