906.lean:7:14-7:19: warning: declaration uses 'sorry'
906.lean:12:2-12:28: error: tactic 'simp' failed, nested error:
(deterministic) timeout at 'whnf', maximum number of heartbeats (200000) has been reached (use 'set_option maxHeartbeats <num>' to set the limit)
