
[Compiler.simp] isZero : Nat â†’ Bool :=
    fun x => Nat.casesOn x true fun n => false
