goal: p â†’ p âˆ¨ q

query:
(declare-const p Bool)
(declare-const q Bool)
(assert (not (=> p (or p q))))
(check-sat)

result: unsat
