goal: ¬q → (p → q) → ¬p

query:
(declare-const q Bool)
(declare-const p Bool)
(assert (not (=> (not q) (=> (=> p q) (not p)))))
(check-sat)

result: unsat
