tcloop.lean:14:2-14:15: error: failed to synthesize
  B Nat
(deterministic) timeout at 'typeclass', maximum number of heartbeats (500) has been reached (use 'set_option synthInstance.maxHeartbeats <num>' to set the limit)
